################################################################################
#                                                                              #
#      IAR Universal Linker V6.5.0.91                                          #
#                                                                              #
#           Link time     =  30/Apr/2017  11:34:42                             #
#           Target CPU    =  MSP430                                            #
#           List file     =  "C:\Users\mscottnelson\Documents\GitHub\boss\firm #
#                            ware\CC2500 Sensor Demo-Access Point\List\Sensor_ #
#                            Demo_AP_as_Data_Hub.map"                          #
#           Output file 1 =  "C:\Users\mscottnelson\Documents\GitHub\boss\firm #
#                            ware\CC2500 Sensor Demo-Access Point\Exe\Sensor_D #
#                            emo_AP_as_Data_Hub.hex"                           #
#                            Format: msp430_txt                                #
#           Output file 2 =  "C:\Users\mscottnelson\Documents\GitHub\boss\firm #
#                            ware\CC2500 Sensor Demo-Access Point\Exe\Sensor_D #
#                            emo_AP_as_Data_Hub.d43"                           #
#                            Format: ubrof10                                   #
#                            UBROF version 10.0.6                              #
#                            Using library modules for C-SPY (-rt)             #
#           Command line  =  -f                                                #
#                            C:\Users\MSCOTT~1\AppData\Local\Temp\EW9D30.tmp   #
#                            ("C:\Users\mscottnelson\Documents\GitHub\boss\fir #
#                            mware\CC2500 Sensor Demo-Access Point\Obj\bsp.r43 #
#                            "                                                 #
#                            "C:\Users\mscottnelson\Documents\GitHub\boss\firm #
#                            ware\CC2500 Sensor Demo-Access Point\Obj\main_AP. #
#                            r43"                                              #
#                            "C:\Users\mscottnelson\Documents\GitHub\boss\firm #
#                            ware\CC2500 Sensor Demo-Access Point\Obj\mrfi.r43 #
#                            "                                                 #
#                            "C:\Users\mscottnelson\Documents\GitHub\boss\firm #
#                            ware\CC2500 Sensor Demo-Access Point\Obj\nwk.r43" #
#                            "C:\Users\mscottnelson\Documents\GitHub\boss\firm #
#                            ware\CC2500 Sensor Demo-Access Point\Obj\nwk_api. #
#                            r43"                                              #
#                            "C:\Users\mscottnelson\Documents\GitHub\boss\firm #
#                            ware\CC2500 Sensor Demo-Access Point\Obj\nwk_fram #
#                            e.r43"                                            #
#                            "C:\Users\mscottnelson\Documents\GitHub\boss\firm #
#                            ware\CC2500 Sensor Demo-Access Point\Obj\nwk_freq #
#                            .r43"                                             #
#                            "C:\Users\mscottnelson\Documents\GitHub\boss\firm #
#                            ware\CC2500 Sensor Demo-Access Point\Obj\nwk_glob #
#                            als.r43"                                          #
#                            "C:\Users\mscottnelson\Documents\GitHub\boss\firm #
#                            ware\CC2500 Sensor Demo-Access Point\Obj\nwk_ioct #
#                            l.r43"                                            #
#                            "C:\Users\mscottnelson\Documents\GitHub\boss\firm #
#                            ware\CC2500 Sensor Demo-Access Point\Obj\nwk_join #
#                            .r43"                                             #
#                            "C:\Users\mscottnelson\Documents\GitHub\boss\firm #
#                            ware\CC2500 Sensor Demo-Access Point\Obj\nwk_link #
#                            .r43"                                             #
#                            "C:\Users\mscottnelson\Documents\GitHub\boss\firm #
#                            ware\CC2500 Sensor Demo-Access Point\Obj\nwk_mgmt #
#                            .r43"                                             #
#                            "C:\Users\mscottnelson\Documents\GitHub\boss\firm #
#                            ware\CC2500 Sensor Demo-Access Point\Obj\nwk_ping #
#                            .r43"                                             #
#                            "C:\Users\mscottnelson\Documents\GitHub\boss\firm #
#                            ware\CC2500 Sensor Demo-Access Point\Obj\nwk_QMgm #
#                            t.r43"                                            #
#                            "C:\Users\mscottnelson\Documents\GitHub\boss\firm #
#                            ware\CC2500 Sensor Demo-Access Point\Obj\nwk_secu #
#                            rity.r43"                                         #
#                            "C:\Users\mscottnelson\Documents\GitHub\boss\firm #
#                            ware\CC2500 Sensor Demo-Access Point\Obj\virtual_ #
#                            com_cmds.r43"                                     #
#                            "C:\Users\mscottnelson\Documents\GitHub\boss\firm #
#                            ware\CC2500 Sensor Demo-Access Point\Obj\vlo_rand #
#                            .r43"                                             #
#                            -o                                                #
#                            "C:\Users\mscottnelson\Documents\GitHub\boss\firm #
#                            ware\CC2500 Sensor Demo-Access Point\Exe\Sensor_D #
#                            emo_AP_as_Data_Hub.d43"                           #
#                            -l                                                #
#                            "C:\Users\mscottnelson\Documents\GitHub\boss\firm #
#                            ware\CC2500 Sensor Demo-Access Point\List\Sensor_ #
#                            Demo_AP_as_Data_Hub.map"                          #
#                            -xmsni                                            #
#                            "-IC:\Program Files (x86)\IAR Systems\Embedded Wo #
#                            rkbench 8.0\430\LIB\"                             #
#                            -f                                                #
#                            "C:\Program Files (x86)\IAR Systems\Embedded Work #
#                            bench 8.0\430\config\linker\lnk430f2274.xcl"      #
#                            (-cmsp430 -QCODE_I=CODE_ID -QTLS16_I=TLS16_ID     #
#                            -Z(CONST)INFO=1000-10FF                           #
#                            -Z(CONST)INFOA=10C0-10FF                          #
#                            -Z(CONST)INFOB=1080-10BF                          #
#                            -Z(CONST)INFOC=1040-107F                          #
#                            -Z(CONST)INFOD=1000-103F                          #
#                            -Z(DATA)DATA16_I,DATA16_Z,DATA16_N,TLS16_I=0200-0 #
#                            5FF                                               #
#                            -Z(DATA)DATA16_HEAP+_DATA16_HEAP_SIZE             #
#                            -Z(DATA)CODE_I -Z(DATA)CSTACK+_STACK_SIZE#        #
#                            -Z(CONST)DATA16_C,DATA16_ID,TLS16_ID,DIFUNCT,CHEC #
#                            KSUM=8000-FFDD                                    #
#                            -Z(CODE)CSTART,ISR_CODE,CODE_ID=8000-FFDD         #
#                            -P(CODE)CODE=8000-FFDD                            #
#                            -Z(CONST)SIGNATURE=FFDE-FFDF                      #
#                            -Z(CODE)INTVEC=FFE0-FFFF                          #
#                            -Z(CODE)RESET=FFFE-FFFF) -D_STACK_SIZE=C8 -rt     #
#                            "C:\Program Files (x86)\IAR Systems\Embedded Work #
#                            bench 8.0\430\lib\clib\cl430f.r43"                #
#                            -e_large_write=_formatted_write                   #
#                            -e_large_read=_formatted_read                     #
#                            -D_DATA16_HEAP_SIZE=0                             #
#                            "-Omsp430_txt=C:\Users\mscottnelson\Documents\Git #
#                            Hub\boss\firmware\CC2500 Sensor Demo-Access Point #
#                            \Exe\Sensor_Demo_AP_as_Data_Hub.hex"              #
#                            -s __program_start -D_DATA20_HEAP_SIZE=50)        #
#                                                                              #
#                           Copyright (C) 1987-2016 IAR Systems AB.            #
################################################################################





                ****************************************
                *                                      *
                *           CROSS REFERENCE            *
                *                                      *
                ****************************************

       Program entry at :           82BC  Relocatable, from module : ?cstart




                ****************************************
                *                                      *
                *            RUNTIME MODEL             *
                *                                      *
                ****************************************

  __SystemLibrary = CLib
  __core          = 430
  __double_size   = 32
  __pic           = no
  __reg_r4        = free
  __reg_r5        = free
  __rt_version    = 3

                ****************************************
                *                                      *
                *    AUTOMATIC SYMBOL REDIRECTIONS     *
                *                                      *
                ****************************************

                  There are no automatic symbol redirections.



                ****************************************
                *                                      *
                *              MODULE MAP              *
                *                                      *
                ****************************************


  DEFINED ABSOLUTE ENTRIES
    *************************************************************************

  DEFINED ABSOLUTE ENTRIES
  PROGRAM MODULE, NAME : ?ABS_ENTRY_MOD

Absolute parts
           ENTRY                   ADDRESS         REF BY
           =====                   =======         ======
           _DATA20_HEAP_SIZE       0050 
           _DATA16_HEAP_SIZE       0000 
           _STACK_SIZE             00C8 
    *************************************************************************

  FILE NAME : C:\Users\mscottnelson\Documents\GitHub\boss\firmware\CC2500 Sensor Demo-Access Point\Obj\bsp.r43
  PROGRAM MODULE, NAME : bsp

  SEGMENTS IN THE MODULE
  ======================
DATA16_AN
  Relative segment, address: 0056 - 0056 (0x1 bytes), align: 0
  Segment part 1. ROOT        Intra module refs:   BSP_InitBoard
           ENTRY                   ADDRESS         REF BY
           =====                   =======         ======
           DCOCTL                  0056 
    -------------------------------------------------------------------------
DATA16_AN
  Relative segment, address: 0057 - 0057 (0x1 bytes), align: 0
  Segment part 2. ROOT        Intra module refs:   BSP_InitBoard
           ENTRY                   ADDRESS         REF BY
           =====                   =======         ======
           BCSCTL1                 0057 
    -------------------------------------------------------------------------
DATA16_AN
  Relative segment, address: 0021 - 0021 (0x1 bytes), align: 0
  Segment part 3. ROOT        Intra module refs:   BSP_InitButtons
                                                   BSP_InitLeds
                                                   main (main_AP)
           ENTRY                   ADDRESS         REF BY
           =====                   =======         ======
           P1OUT                   0021 
    -------------------------------------------------------------------------
DATA16_AN
  Relative segment, address: 0022 - 0022 (0x1 bytes), align: 0
  Segment part 4. ROOT        Intra module refs:   BSP_InitLeds
           ENTRY                   ADDRESS         REF BY
           =====                   =======         ======
           P1DIR                   0022 
    -------------------------------------------------------------------------
DATA16_AN
  Relative segment, address: 0027 - 0027 (0x1 bytes), align: 0
  Segment part 5. ROOT        Intra module refs:   BSP_InitButtons
           ENTRY                   ADDRESS         REF BY
           =====                   =======         ======
           P1REN                   0027 
    -------------------------------------------------------------------------
DATA16_AN
  Relative segment, address: 0160 - 0161 (0x2 bytes), align: 0
  Segment part 6. ROOT        Intra module refs:   BSP_InitBoard
                                                   main (main_AP)
           ENTRY                   ADDRESS         REF BY
           =====                   =======         ======
           TACTL                   0160 
    -------------------------------------------------------------------------
DATA16_AN
  Relative segment, address: 0120 - 0121 (0x2 bytes), align: 0
  Segment part 7. ROOT        Intra module refs:   __low_level_init
           ENTRY                   ADDRESS         REF BY
           =====                   =======         ======
           WDTCTL                  0120 
    -------------------------------------------------------------------------
DATA16_AN
  Relative segment, address: 10FC - 10FC (0x1 bytes), align: 0
  Segment part 8. ROOT        Intra module refs:   BSP_InitBoard
           ENTRY                   ADDRESS         REF BY
           =====                   =======         ======
           CALDCO_8MHZ             10FC 
    -------------------------------------------------------------------------
DATA16_AN
  Relative segment, address: 10FD - 10FD (0x1 bytes), align: 0
  Segment part 9. ROOT        Intra module refs:   BSP_InitBoard
           ENTRY                   ADDRESS         REF BY
           =====                   =======         ======
           CALBC1_8MHZ             10FD 
    -------------------------------------------------------------------------
<CODE> 1 (was CODE)
  Relative segment, address: A7B2 - A7C9 (0x18 bytes), align: 1
  Segment part 15.
           ENTRY                   ADDRESS         REF BY
           =====                   =======         ======
           BSP_Init                A7B2            main (main_AP)
               calls direct
    -------------------------------------------------------------------------
DATA16_Z
  Relative segment, address: 0294 - 0294 (0x1 bytes), align: 0
  Segment part 11.            Intra module refs:   BSP_Delay
                                                   BSP_InitBoard
           LOCAL                   ADDRESS         
           =====                   =======         
           sIterationsPerUsec      0294 
    -------------------------------------------------------------------------
<CODE> 1 (was CODE)
  Relative segment, address: A94E - A957 (0xa bytes), align: 1
  Segment part 16. ROOT 
           ENTRY                   ADDRESS         REF BY
           =====                   =======         ======
           __low_level_init        A94E            ?cstart_call_low_level_init (?cstart)
    -------------------------------------------------------------------------
<CODE> 1 (was CODE)
  Relative segment, address: A696 - A6B5 (0x20 bytes), align: 1
  Segment part 14.            Intra module refs:   BSP_Init
           ENTRY                   ADDRESS         REF BY
           =====                   =======         ======
           BSP_InitBoard           A696 
    -------------------------------------------------------------------------
<CODE> 1 (was CODE)
  Relative segment, address: A6B6 - A6D5 (0x20 bytes), align: 1
  Segment part 17.
           ENTRY                   ADDRESS         REF BY
           =====                   =======         ======
           BSP_Delay               A6B6            ?Subroutine6 (mrfi)
               calls direct
    -------------------------------------------------------------------------
CODE
  Segment part 18. NOT NEEDED.
           ENTRY                   ADDRESS         REF BY
           =====                   =======         ======
           BSP_InitDrivers         
               calls direct
    -------------------------------------------------------------------------
<CODE> 1 (was CODE)
  Relative segment, address: A858 - A869 (0x12 bytes), align: 1
  Segment part 13.            Intra module refs:   BSP_Init
           ENTRY                   ADDRESS         REF BY
           =====                   =======         ======
           BSP_InitLeds            A858 
    -------------------------------------------------------------------------
<CODE> 1 (was CODE)
  Relative segment, address: A962 - A96B (0xa bytes), align: 1
  Segment part 12.            Intra module refs:   BSP_Init
           ENTRY                   ADDRESS         REF BY
           =====                   =======         ======
           BSP_InitButtons         A962 
    -------------------------------------------------------------------------
CSTACK
  Segment part 10. NOT NEEDED.
    -------------------------------------------------------------------------
CODE
  Segment part 19. NOT NEEDED.
           ENTRY                   ADDRESS         REF BY
           =====                   =======         ======
           ?setjmp_save_r4         
    -------------------------------------------------------------------------
CODE
  Segment part 20. NOT NEEDED.
           ENTRY                   ADDRESS         REF BY
           =====                   =======         ======
           ?setjmp_save_r5         

    *************************************************************************

  FILE NAME : C:\Users\mscottnelson\Documents\GitHub\boss\firmware\CC2500 Sensor Demo-Access Point\Obj\main_AP.r43
  PROGRAM MODULE, NAME : main_AP

  SEGMENTS IN THE MODULE
  ======================
DATA16_AN
  Relative segment, address: 01B0 - 01B1 (0x2 bytes), align: 0
  Segment part 1. ROOT        Intra module refs:   main
           ENTRY                   ADDRESS         REF BY
           =====                   =======         ======
           ADC10CTL0               01B0 
    -------------------------------------------------------------------------
DATA16_AN
  Relative segment, address: 01B2 - 01B3 (0x2 bytes), align: 0
  Segment part 2. ROOT        Intra module refs:   main
           ENTRY                   ADDRESS         REF BY
           =====                   =======         ======
           ADC10CTL1               01B2 
    -------------------------------------------------------------------------
DATA16_AN
  Relative segment, address: 01B4 - 01B5 (0x2 bytes), align: 0
  Segment part 3. ROOT        Intra module refs:   main
           ENTRY                   ADDRESS         REF BY
           =====                   =======         ======
           ADC10MEM                01B4 
    -------------------------------------------------------------------------
DATA16_AN
  Relative segment, address: 0053 - 0053 (0x1 bytes), align: 0
  Segment part 4. ROOT        Intra module refs:   main
           ENTRY                   ADDRESS         REF BY
           =====                   =======         ======
           BCSCTL3                 0053 
    -------------------------------------------------------------------------
DATA16_AN
  Relative segment, address: 0020 - 0020 (0x1 bytes), align: 0
  Segment part 5. ROOT        Intra module refs:   main
           ENTRY                   ADDRESS         REF BY
           =====                   =======         ======
           P1IN                    0020 
    -------------------------------------------------------------------------
DATA16_AN
  Segment part 6. TENTATIVE. Used definition from bsp
           ENTRY                   ADDRESS         REF BY
           =====                   =======         ======
           P1OUT                   
    -------------------------------------------------------------------------
DATA16_AN
  Segment part 7. TENTATIVE. Used definition from bsp
           ENTRY                   ADDRESS         REF BY
           =====                   =======         ======
           TACTL                   
    -------------------------------------------------------------------------
DATA16_AN
  Relative segment, address: 0162 - 0163 (0x2 bytes), align: 0
  Segment part 8. ROOT        Intra module refs:   main
           ENTRY                   ADDRESS         REF BY
           =====                   =======         ======
           TACCTL0                 0162 
    -------------------------------------------------------------------------
DATA16_AN
  Relative segment, address: 0172 - 0173 (0x2 bytes), align: 0
  Segment part 9. ROOT        Intra module refs:   main
           ENTRY                   ADDRESS         REF BY
           =====                   =======         ======
           TACCR0                  0172 
    -------------------------------------------------------------------------
DATA16_Z
  Relative segment, address: 0295 - 029C (0x8 bytes), align: 0
  Segment part 20.            Intra module refs:   main
           LOCAL                   ADDRESS         
           =====                   =======         
           sLID                    0295 
    -------------------------------------------------------------------------
DATA16_Z
  Relative segment, address: 029D - 029D (0x1 bytes), align: 0
  Segment part 21.            Intra module refs:   main
           LOCAL                   ADDRESS         
           =====                   =======         
           sNumCurrentPeers        029D 
    -------------------------------------------------------------------------
DATA16_Z
  Relative segment, address: 029E - 029E (0x1 bytes), align: 0
  Segment part 22.            Intra module refs:   main
                                                   sCB
           LOCAL                   ADDRESS         
           =====                   =======         
           sPeerFrameSem           029E 
    -------------------------------------------------------------------------
DATA16_Z
  Relative segment, address: 029F - 029F (0x1 bytes), align: 0
  Segment part 23.            Intra module refs:   main
                                                   sCB
           LOCAL                   ADDRESS         
           =====                   =======         
           sJoinSem                029F 
    -------------------------------------------------------------------------
DATA16_Z
  Relative segment, address: 02A0 - 02A0 (0x1 bytes), align: 0
  Segment part 24.            Intra module refs:   Timer_A
                                                   main
           LOCAL                   ADDRESS         
           =====                   =======         
           sSelfMeasureSem         02A0 
    -------------------------------------------------------------------------
DATA16_Z
  Relative segment, address: 02A1 - 02A1 (0x1 bytes), align: 0
  Segment part 25.            Intra module refs:   main
                                                   sCB
           LOCAL                   ADDRESS         
           =====                   =======         
           sBlinky                 02A1 
    -------------------------------------------------------------------------
DATA16_C
  Relative segment, address: 800C - 8026 (0x1b bytes), align: 0
  Segment part 13.            Intra module refs:   main
    -------------------------------------------------------------------------
DATA16_C
  Relative segment, address: 8027 - 802D (0x7 bytes), align: 0
  Segment part 14.            Intra module refs:   main
    -------------------------------------------------------------------------
DATA16_C
  Relative segment, address: 802E - 8032 (0x5 bytes), align: 0
  Segment part 15.            Intra module refs:   main
    -------------------------------------------------------------------------
DATA16_C
  Relative segment, address: 8033 - 8036 (0x4 bytes), align: 0
  Segment part 16.            Intra module refs:   main
    -------------------------------------------------------------------------
DATA16_C
  Relative segment, address: 8037 - 803B (0x5 bytes), align: 0
  Segment part 17.            Intra module refs:   main
    -------------------------------------------------------------------------
DATA16_C
  Relative segment, address: 803C - 803F (0x4 bytes), align: 0
  Segment part 18.            Intra module refs:   main
    -------------------------------------------------------------------------
DATA16_C
  Relative segment, address: 8040 - 8048 (0x9 bytes), align: 0
  Segment part 19.            Intra module refs:   main
    -------------------------------------------------------------------------
DATA16_C
  Relative segment, address: 8049 - 819B (0x153 bytes), align: 0
  Segment part 26.            Intra module refs:   main
           ENTRY                   ADDRESS         REF BY
           =====                   =======         ======
           splash                  8049 
    -------------------------------------------------------------------------
DATA16_I
  Relative segment, address: 0200 - 0201 (0x2 bytes), align: 1
  Segment part 27.            Intra module refs:   main
           ENTRY                   ADDRESS         REF BY
           =====                   =======         ======
           tempOffset              0200 
    -------------------------------------------------------------------------
<CODE> 1 (was CODE)
  Relative segment, address: 8992 - 8C3F (0x2ae bytes), align: 1
  Segment part 29.
           ENTRY                   ADDRESS         REF BY
           =====                   =======         ======
           main                    8992            Segment part 18 (?cstart)
               calls direct
    -------------------------------------------------------------------------
<CODE> 1 (was CODE)
  Relative segment, address: A88E - A89F (0x12 bytes), align: 1
  Segment part 30.            Intra module refs:   main
           LOCAL                   ADDRESS         
           =====                   =======         
           ?Subroutine4            A88E 
    -------------------------------------------------------------------------
<CODE> 1 (was CODE)
  Relative segment, address: 9F1C - 9F25 (0xa bytes), align: 1
  Segment part 31.            Intra module refs:   main
           LOCAL                   ADDRESS         
           =====                   =======         
           ?Subroutine3            9F1C 
    -------------------------------------------------------------------------
<CODE> 1 (was CODE)
  Relative segment, address: 9F26 - 9F31 (0xc bytes), align: 1
  Segment part 32.            Intra module refs:   ?Subroutine0
                                                   ?Subroutine3
           LOCAL                   ADDRESS         
           =====                   =======         
           ?Subroutine5            9F26 
    -------------------------------------------------------------------------
<CODE> 1 (was CODE)
  Relative segment, address: 9F32 - 9F43 (0x12 bytes), align: 1
  Segment part 33.            Intra module refs:   main
           LOCAL                   ADDRESS         
           =====                   =======         
           ?Subroutine2            9F32 
    -------------------------------------------------------------------------
<CODE> 1 (was CODE)
  Relative segment, address: 9F44 - 9F59 (0x16 bytes), align: 1
  Segment part 34.            Intra module refs:   main
           LOCAL                   ADDRESS         
           =====                   =======         
           ?Subroutine1            9F44 
    -------------------------------------------------------------------------
<CODE> 1 (was CODE)
  Relative segment, address: 9F5A - 9F79 (0x20 bytes), align: 1
  Segment part 35.            Intra module refs:   main
           LOCAL                   ADDRESS         
           =====                   =======         
           ?Subroutine0            9F5A 
    -------------------------------------------------------------------------
<CODE> 1 (was CODE)
  Relative segment, address: A7CA - A7DF (0x16 bytes), align: 1
  Segment part 36.            Intra module refs:   main
           LOCAL                   ADDRESS         
           =====                   =======         
           sCB                     A7CA 
    -------------------------------------------------------------------------
<CODE> 1 (was CODE)
  Relative segment, address: A97C - A983 (0x8 bytes), align: 1
  Segment part 37.            Intra module refs:   ADC10_ISR::??INTVEC 10
           ENTRY                   ADDRESS         REF BY
           =====                   =======         ======
           ADC10_ISR               A97C 
               interrupt function
    -------------------------------------------------------------------------
<CODE> 1 (was CODE)
  Relative segment, address: A98C - A991 (0x6 bytes), align: 1
  Segment part 38.            Intra module refs:   Timer_A::??INTVEC 18
           ENTRY                   ADDRESS         REF BY
           =====                   =======         ======
           Timer_A                 A98C 
               interrupt function
    -------------------------------------------------------------------------
INTVEC
  Common segment, address: FFE0 - FFEB (0xc bytes), align: 1
  Segment part 10. ROOT 
           ENTRY                   ADDRESS         REF BY
           =====                   =======         ======
           ADC10_ISR::??INTVEC 10
                                   FFEA 
    -------------------------------------------------------------------------
INTVEC
  Common segment, address: FFE0 - FFF3 (0x14 bytes), align: 1
  Segment part 11. ROOT 
           ENTRY                   ADDRESS         REF BY
           =====                   =======         ======
           Timer_A::??INTVEC 18    FFF2 
    -------------------------------------------------------------------------
CSTACK
  Segment part 12. NOT NEEDED.
    -------------------------------------------------------------------------
DATA16_ID
  Relative segment, address: 823C - 823D (0x2 bytes), align: 1
  Segment part 28.            Intra module refs:   tempOffset
    -------------------------------------------------------------------------
CODE
  Segment part 39. TENTATIVE. Used definition from bsp
           ENTRY                   ADDRESS         REF BY
           =====                   =======         ======
           ?setjmp_save_r4         
    -------------------------------------------------------------------------
CODE
  Segment part 40. TENTATIVE. Used definition from bsp
           ENTRY                   ADDRESS         REF BY
           =====                   =======         ======
           ?setjmp_save_r5         

    *************************************************************************

  FILE NAME : C:\Users\mscottnelson\Documents\GitHub\boss\firmware\CC2500 Sensor Demo-Access Point\Obj\mrfi.r43
  PROGRAM MODULE, NAME : mrfi

  SEGMENTS IN THE MODULE
  ======================
DATA16_AN
  Relative segment, address: 0003 - 0003 (0x1 bytes), align: 0
  Segment part 1. ROOT        Intra module refs:   MRFI_Init
                                                   TXString (virtual_com_cmds)
                                                   mrfiSpiCmdStrobe
                                                   spiBurstFifoAccess
                                                   spiRegAccess
           ENTRY                   ADDRESS         REF BY
           =====                   =======         ======
           IFG2                    0003 
    -------------------------------------------------------------------------
DATA16_AN
  Relative segment, address: 0028 - 0028 (0x1 bytes), align: 0
  Segment part 2. ROOT        Intra module refs:   MRFI_Transmit
           ENTRY                   ADDRESS         REF BY
           =====                   =======         ======
           P2IN                    0028 
    -------------------------------------------------------------------------
DATA16_AN
  Relative segment, address: 002B - 002B (0x1 bytes), align: 0
  Segment part 3. ROOT        Intra module refs:   MRFI_GpioIsr
                                                   MRFI_Init
                                                   MRFI_Transmit
                                                   Mrfi_RxModeOff
                                                   Mrfi_RxModeOn
           ENTRY                   ADDRESS         REF BY
           =====                   =======         ======
           P2IFG                   002B 
    -------------------------------------------------------------------------
DATA16_AN
  Relative segment, address: 002C - 002C (0x1 bytes), align: 0
  Segment part 4. ROOT        Intra module refs:   MRFI_Init
           ENTRY                   ADDRESS         REF BY
           =====                   =======         ======
           P2IES                   002C 
    -------------------------------------------------------------------------
DATA16_AN
  Relative segment, address: 002D - 002D (0x1 bytes), align: 0
  Segment part 5. ROOT        Intra module refs:   MRFI_GpioIsr
                                                   Mrfi_RxModeOff
                                                   Mrfi_RxModeOn
           ENTRY                   ADDRESS         REF BY
           =====                   =======         ======
           P2IE                    002D 
    -------------------------------------------------------------------------
DATA16_AN
  Relative segment, address: 002E - 002E (0x1 bytes), align: 0
  Segment part 6. ROOT        Intra module refs:   MRFI_Init
           ENTRY                   ADDRESS         REF BY
           =====                   =======         ======
           P2SEL                   002E 
    -------------------------------------------------------------------------
DATA16_AN
  Relative segment, address: 0018 - 0018 (0x1 bytes), align: 0
  Segment part 7. ROOT        Intra module refs:   MRFI_Init
                                                   MRFI_WakeUp
           ENTRY                   ADDRESS         REF BY
           =====                   =======         ======
           P3IN                    0018 
    -------------------------------------------------------------------------
DATA16_AN
  Relative segment, address: 0019 - 0019 (0x1 bytes), align: 0
  Segment part 8. ROOT        Intra module refs:   MRFI_Init
                                                   MRFI_WakeUp
                                                   mrfiSpiCmdStrobe
                                                   mrfiSpiInit
                                                   spiBurstFifoAccess
                                                   spiRegAccess
           ENTRY                   ADDRESS         REF BY
           =====                   =======         ======
           P3OUT                   0019 
    -------------------------------------------------------------------------
DATA16_AN
  Relative segment, address: 001A - 001A (0x1 bytes), align: 0
  Segment part 9. ROOT        Intra module refs:   mrfiSpiInit
           ENTRY                   ADDRESS         REF BY
           =====                   =======         ======
           P3DIR                   001A 
    -------------------------------------------------------------------------
DATA16_AN
  Relative segment, address: 001B - 001B (0x1 bytes), align: 0
  Segment part 10. ROOT       Intra module refs:   COM_Init (virtual_com_cmds)
                                                   mrfiSpiInit
           ENTRY                   ADDRESS         REF BY
           =====                   =======         ======
           P3SEL                   001B 
    -------------------------------------------------------------------------
DATA16_AN
  Relative segment, address: 0068 - 0068 (0x1 bytes), align: 0
  Segment part 11. ROOT       Intra module refs:   mrfiSpiCmdStrobe
                                                   mrfiSpiInit
                                                   spiBurstFifoAccess
                                                   spiRegAccess
           ENTRY                   ADDRESS         REF BY
           =====                   =======         ======
           UCB0CTL0                0068 
    -------------------------------------------------------------------------
DATA16_AN
  Relative segment, address: 0069 - 0069 (0x1 bytes), align: 0
  Segment part 12. ROOT       Intra module refs:   mrfiSpiInit
           ENTRY                   ADDRESS         REF BY
           =====                   =======         ======
           UCB0CTL1                0069 
    -------------------------------------------------------------------------
DATA16_AN
  Relative segment, address: 006A - 006A (0x1 bytes), align: 0
  Segment part 13. ROOT       Intra module refs:   mrfiSpiInit
           ENTRY                   ADDRESS         REF BY
           =====                   =======         ======
           UCB0BR0                 006A 
    -------------------------------------------------------------------------
DATA16_AN
  Relative segment, address: 006B - 006B (0x1 bytes), align: 0
  Segment part 14. ROOT       Intra module refs:   mrfiSpiInit
           ENTRY                   ADDRESS         REF BY
           =====                   =======         ======
           UCB0BR1                 006B 
    -------------------------------------------------------------------------
DATA16_AN
  Relative segment, address: 006E - 006E (0x1 bytes), align: 0
  Segment part 15. ROOT       Intra module refs:   mrfiSpiCmdStrobe
                                                   spiBurstFifoAccess
                                                   spiRegAccess
           ENTRY                   ADDRESS         REF BY
           =====                   =======         ======
           UCB0RXBUF               006E 
    -------------------------------------------------------------------------
DATA16_AN
  Relative segment, address: 006F - 006F (0x1 bytes), align: 0
  Segment part 16. ROOT       Intra module refs:   MRFI_Init
                                                   mrfiSpiCmdStrobe
                                                   spiBurstFifoAccess
                                                   spiRegAccess
           ENTRY                   ADDRESS         REF BY
           =====                   =======         ======
           UCB0TXBUF               006F 
    -------------------------------------------------------------------------
DATA16_C
  Relative segment, address: 819C - 81D7 (0x3c bytes), align: 0
  Segment part 19.            Intra module refs:   MRFI_Init
           LOCAL                   ADDRESS         
           =====                   =======         
           mrfiRadioCfg            819C 
    -------------------------------------------------------------------------
DATA16_Z
  Relative segment, address: 02A2 - 02A2 (0x1 bytes), align: 0
  Segment part 20.            Intra module refs:   ?Subroutine12
                                                   ?Subroutine4
                                                   ?Subroutine9
                                                   MRFI_GetRadioState
                                                   MRFI_Init
                                                   MRFI_RxIdle
                                                   MRFI_RxOn
                                                   MRFI_Sleep
                                                   MRFI_Transmit
                                                   MRFI_WakeUp
           LOCAL                   ADDRESS         
           =====                   =======         
           mrfiRadioState          02A2 
    -------------------------------------------------------------------------
DATA16_Z
  Relative segment, address: 02A3 - 02BA (0x18 bytes), align: 0
  Segment part 21.            Intra module refs:   MRFI_Init
                                                   MRFI_Receive
                                                   Mrfi_SyncPinRxIsr
                                                   Segment part 64
           LOCAL                   ADDRESS         
           =====                   =======         
           mrfiIncomingPacket      02A3 
    -------------------------------------------------------------------------
DATA16_Z
  Relative segment, address: 02BB - 02BB (0x1 bytes), align: 0
  Segment part 22.            Intra module refs:   MRFI_Init
                                                   MRFI_RandomByte
           LOCAL                   ADDRESS         
           =====                   =======         
           mrfiRndSeed             02BB 
    -------------------------------------------------------------------------
DATA16_Z
  Relative segment, address: 02BC - 02BC (0x1 bytes), align: 0
  Segment part 23.            Intra module refs:   MRFI_PostKillSem
           LOCAL                   ADDRESS         
           =====                   =======         
           sKillSem                02BC 
    -------------------------------------------------------------------------
DATA16_Z
  Relative segment, address: 02BD - 02BD (0x1 bytes), align: 0
  Segment part 24.            Intra module refs:   MRFI_PostKillSem
           LOCAL                   ADDRESS         
           =====                   =======         
           sReplyDelayContext      02BD 
    -------------------------------------------------------------------------
DATA16_Z
  Relative segment, address: 0280 - 0281 (0x2 bytes), align: 1
  Segment part 25.            Intra module refs:   MRFI_Init
           LOCAL                   ADDRESS         
           =====                   =======         
           sReplyDelayScalar       0280 
    -------------------------------------------------------------------------
DATA16_Z
  Relative segment, address: 0282 - 0283 (0x2 bytes), align: 1
  Segment part 26.            Intra module refs:   MRFI_Init
                                                   MRFI_Transmit
           LOCAL                   ADDRESS         
           =====                   =======         
           sBackoffHelper          0282 
    -------------------------------------------------------------------------
<CODE> 1 (was CODE)
  Relative segment, address: 82EC - 8309 (0x1e bytes), align: 1
  Segment part 33.            Intra module refs:   ?Subroutine10
                                                   MRFI_Init
                                                   MRFI_Sleep
                                                   MRFI_Transmit
                                                   Mrfi_RxModeOff
                                                   Mrfi_RxModeOn
                                                   Mrfi_SyncPinRxIsr
           ENTRY                   ADDRESS         REF BY
           =====                   =======         ======
           mrfiSpiCmdStrobe        82EC 
    -------------------------------------------------------------------------
<CODE> 1 (was CODE)
  Relative segment, address: 830A - 8313 (0xa bytes), align: 1
  Segment part 34.            Intra module refs:   mrfiSpiCmdStrobe
                                                   spiRegAccess
           LOCAL                   ADDRESS         
           =====                   =======         
           ?Subroutine0            830A 
    -------------------------------------------------------------------------
<CODE> 1 (was CODE)
  Relative segment, address: 8314 - 831D (0xa bytes), align: 1
  Segment part 35.            Intra module refs:   ?Subroutine0
                                                   spiBurstFifoAccess
    -------------------------------------------------------------------------
<CODE> 1 (was CODE)
  Relative segment, address: 831E - 832F (0x12 bytes), align: 1
  Segment part 36.            Intra module refs:   ?Subroutine7
                                                   MRFI_Init
                                                   MRFI_RxIdle
                                                   MRFI_Transmit
           LOCAL                   ADDRESS         
           =====                   =======         
           Mrfi_RxModeOff          831E 
               calls direct
    -------------------------------------------------------------------------
<CODE> 1 (was CODE)
  Relative segment, address: 8330 - 8337 (0x8 bytes), align: 1
  Segment part 37.            Intra module refs:   MRFI_GpioIsr
                                                   MRFI_Init
                                                   MRFI_Transmit
                                                   Mrfi_RxModeOff
                                                   Mrfi_RxModeOn
           LOCAL                   ADDRESS         
           =====                   =======         
           ?Subroutine11           8330 
    -------------------------------------------------------------------------
<CODE> 1 (was CODE)
  Relative segment, address: 8338 - 834B (0x14 bytes), align: 1
  Segment part 38.            Intra module refs:   ?Subroutine12
                                                   MRFI_RxOn
           LOCAL                   ADDRESS         
           =====                   =======         
           Mrfi_RxModeOn           8338 
               calls direct
    -------------------------------------------------------------------------
<CODE> 1 (was CODE)
  Relative segment, address: 834C - 8361 (0x16 bytes), align: 1
  Segment part 39.            Intra module refs:   mrfiSpiReadReg
                                                   mrfiSpiWriteReg
           LOCAL                   ADDRESS         
           =====                   =======         
           spiRegAccess            834C 
    -------------------------------------------------------------------------
<CODE> 1 (was CODE)
  Relative segment, address: 8362 - 8373 (0x12 bytes), align: 1
  Segment part 40.            Intra module refs:   ?Subroutine12
                                                   MRFI_Init
                                                   MRFI_Transmit
                                                   MRFI_WakeUp
           ENTRY                   ADDRESS         REF BY
           =====                   =======         ======
           mrfiSpiWriteReg         8362 
               calls direct
    -------------------------------------------------------------------------
DATA16_C
  Relative segment, address: 81D8 - 81DB (0x4 bytes), align: 0
  Segment part 27.            Intra module refs:   MRFI_RxAddrIsFiltered
           ENTRY                   ADDRESS         REF BY
           =====                   =======         ======
           mrfiBroadcastAddr       81D8            nwk_getBCastAddress (nwk_globals)
    -------------------------------------------------------------------------
DATA16_C
  Relative segment, address: 81DC - 81DF (0x4 bytes), align: 0
  Segment part 28.            Intra module refs:   MRFI_SetLogicalChannel
           LOCAL                   ADDRESS         
           =====                   =======         
           mrfiLogicalChanTable    81DC 
    -------------------------------------------------------------------------
DATA16_C
  Relative segment, address: 81E0 - 81E2 (0x3 bytes), align: 0
  Segment part 29.            Intra module refs:   MRFI_SetRFPwr
           LOCAL                   ADDRESS         
           =====                   =======         
           mrfiRFPowerTable        81E0 
    -------------------------------------------------------------------------
DATA16_Z
  Relative segment, address: 02BE - 02BE (0x1 bytes), align: 0
  Segment part 30.            Intra module refs:   MRFI_RxAddrIsFiltered
           LOCAL                   ADDRESS         
           =====                   =======         
           mrfiRxFilterEnabled     02BE 
    -------------------------------------------------------------------------
DATA16_I
  Relative segment, address: 0202 - 0205 (0x4 bytes), align: 0
  Segment part 31.            Intra module refs:   MRFI_RxAddrIsFiltered
           LOCAL                   ADDRESS         
           =====                   =======         
           mrfiRxFilterAddr        0202 
    -------------------------------------------------------------------------
<CODE> 1 (was CODE)
  Relative segment, address: 8374 - 8385 (0x12 bytes), align: 1
  Segment part 41.            Intra module refs:   MRFI_Init
           ENTRY                   ADDRESS         REF BY
           =====                   =======         ======
           MRFI_SetRFPwr           8374            nwk_radioControl (nwk_ioctl)
               calls direct
    -------------------------------------------------------------------------
<CODE> 1 (was CODE)
  Relative segment, address: 8386 - 8397 (0x12 bytes), align: 1
  Segment part 42.            Intra module refs:   MRFI_SetLogicalChannel
                                                   MRFI_SetRFPwr
                                                   MRFI_Transmit
           LOCAL                   ADDRESS         
           =====                   =======         
           ?Subroutine12           8386 
    -------------------------------------------------------------------------
<CODE> 1 (was CODE)
  Relative segment, address: 8398 - 83A9 (0x12 bytes), align: 1
  Segment part 43.            Intra module refs:   MRFI_Init
           ENTRY                   ADDRESS         REF BY
           =====                   =======         ======
           MRFI_SetLogicalChannel
                                   8398 
               calls direct
    -------------------------------------------------------------------------
<CODE> 1 (was CODE)
  Relative segment, address: 83AA - 83B1 (0x8 bytes), align: 1
  Segment part 44.            Intra module refs:   MRFI_SetLogicalChannel
                                                   MRFI_SetRFPwr
           LOCAL                   ADDRESS         
           =====                   =======         
           ?Subroutine7            83AA 
    -------------------------------------------------------------------------
<CODE> 1 (was CODE)
  Relative segment, address: 83B2 - 83BB (0xa bytes), align: 1
  Segment part 45.            Intra module refs:   ?Subroutine7
                                                   mrfiSpiCmdStrobe
                                                   mrfiSpiReadReg
           LOCAL                   ADDRESS         
           =====                   =======         
           ?Subroutine16           83B2 
    -------------------------------------------------------------------------
<CODE> 1 (was CODE)
  Relative segment, address: 83BC - 83DF (0x24 bytes), align: 1
  Segment part 46.            Intra module refs:   ?Subroutine14
                                                   MRFI_DelayMs
                                                   MRFI_Init
                                                   MRFI_Transmit
           LOCAL                   ADDRESS         
           =====                   =======         
           Mrfi_DelayUsec          83BC 
               calls direct
    -------------------------------------------------------------------------
<CODE> 1 (was CODE)
  Relative segment, address: 83E0 - 8413 (0x34 bytes), align: 1
  Segment part 47.            Intra module refs:   MRFI_Init
           ENTRY                   ADDRESS         REF BY
           =====                   =======         ======
           mrfiSpiInit             83E0 
    -------------------------------------------------------------------------
<CODE> 1 (was CODE)
  Relative segment, address: 8414 - 8557 (0x144 bytes), align: 1
  Segment part 48.
           ENTRY                   ADDRESS         REF BY
           =====                   =======         ======
           MRFI_Init               8414            SMPL_Init (nwk_api)
               calls direct
    -------------------------------------------------------------------------
<CODE> 1 (was CODE)
  Relative segment, address: 8558 - 85A9 (0x52 bytes), align: 1
  Segment part 49.            Intra module refs:   mrfiSpiReadRxFifo
                                                   mrfiSpiWriteTxFifo
           LOCAL                   ADDRESS         
           =====                   =======         
           spiBurstFifoAccess      8558 
    -------------------------------------------------------------------------
<CODE> 1 (was CODE)
  Relative segment, address: 85AA - 85B9 (0x10 bytes), align: 1
  Segment part 50.            Intra module refs:   spiBurstFifoAccess
                                                   spiRegAccess
           LOCAL                   ADDRESS         
           =====                   =======         
           ?Subroutine8            85AA 
    -------------------------------------------------------------------------
<CODE> 1 (was CODE)
  Relative segment, address: 85BA - 85BD (0x4 bytes), align: 1
  Segment part 51.            Intra module refs:   spiBurstFifoAccess
                                                   spiRegAccess
           LOCAL                   ADDRESS         
           =====                   =======         
           ?Subroutine3            85BA 
    -------------------------------------------------------------------------
<CODE> 1 (was CODE)
  Relative segment, address: 85BE - 85CD (0x10 bytes), align: 1
  Segment part 52.            Intra module refs:   ?Subroutine3
                                                   mrfiSpiCmdStrobe
           LOCAL                   ADDRESS         
           =====                   =======         
           ?Subroutine15           85BE 
    -------------------------------------------------------------------------
<CODE> 1 (was CODE)
  Relative segment, address: 85CE - 85D9 (0xc bytes), align: 1
  Segment part 53.            Intra module refs:   MRFI_Transmit
           ENTRY                   ADDRESS         REF BY
           =====                   =======         ======
           mrfiSpiWriteTxFifo      85CE 
               calls direct
    -------------------------------------------------------------------------
<CODE> 1 (was CODE)
  Relative segment, address: 85DA - 86C1 (0xe8 bytes), align: 1
  Segment part 54.
           ENTRY                   ADDRESS         REF BY
           =====                   =======         ======
           MRFI_Transmit           85DA            nwk_SendEmptyPollRspFrame (nwk_frame)
                                                   nwk_sendFrame (nwk_frame)
               calls direct
    -------------------------------------------------------------------------
<CODE> 1 (was CODE)
  Relative segment, address: 86C2 - 86D1 (0x10 bytes), align: 1
  Segment part 55.            Intra module refs:   MRFI_Init
                                                   MRFI_Rssi
                                                   MRFI_Transmit
                                                   Mrfi_SyncPinRxIsr
                                                   mrfiSpiWriteReg
           LOCAL                   ADDRESS         
           =====                   =======         
           ?Subroutine9            86C2 
    -------------------------------------------------------------------------
<CODE> 1 (was CODE)
  Relative segment, address: 86D2 - 86D5 (0x4 bytes), align: 1
  Segment part 56.            Intra module refs:   mrfiSpiCmdStrobe
                                                   spiBurstFifoAccess
           LOCAL                   ADDRESS         
           =====                   =======         
           ?Subroutine5            86D2 
    -------------------------------------------------------------------------
<CODE> 1 (was CODE)
  Relative segment, address: 86D6 - 86DF (0xa bytes), align: 1
  Segment part 57.            Intra module refs:   ?Subroutine3
                                                   ?Subroutine4
                                                   ?Subroutine5
                                                   MRFI_Init
                                                   MRFI_Transmit
                                                   spiBurstFifoAccess
           LOCAL                   ADDRESS         
           =====                   =======         
           ?Subroutine17           86D6 
    -------------------------------------------------------------------------
<CODE> 1 (was CODE)
  Relative segment, address: 86E0 - 86EB (0xc bytes), align: 1
  Segment part 58.
           ENTRY                   ADDRESS         REF BY
           =====                   =======         ======
           MRFI_Receive            86E0            MRFI_RxCompleteISR (nwk_frame)
               calls direct
    -------------------------------------------------------------------------
<CODE> 1 (was CODE)
  Relative segment, address: 86EC - 86F5 (0xa bytes), align: 1
  Segment part 59.            Intra module refs:   Mrfi_SyncPinRxIsr
           ENTRY                   ADDRESS         REF BY
           =====                   =======         ======
           mrfiSpiReadRxFifo       86EC 
               calls direct
    -------------------------------------------------------------------------
<CODE> 1 (was CODE)
  Relative segment, address: 86F6 - 8709 (0x14 bytes), align: 1
  Segment part 60.            Intra module refs:   MRFI_Init
                                                   MRFI_Rssi
                                                   MRFI_Transmit
                                                   Mrfi_SyncPinRxIsr
           ENTRY                   ADDRESS         REF BY
           =====                   =======         ======
           mrfiSpiReadReg          86F6 
               calls direct
    -------------------------------------------------------------------------
<CODE> 1 (was CODE)
  Relative segment, address: 870A - 87C5 (0xbc bytes), align: 1
  Segment part 61.            Intra module refs:   MRFI_GpioIsr
           LOCAL                   ADDRESS         
           =====                   =======         
           Mrfi_SyncPinRxIsr       870A 
               calls direct
    -------------------------------------------------------------------------
<CODE> 1 (was CODE)
  Relative segment, address: 87C6 - 87CB (0x6 bytes), align: 1
  Segment part 62.            Intra module refs:   MRFI_Init
                                                   MRFI_RxAddrIsFiltered
                                                   Mrfi_DelayUsec
                                                   Mrfi_SyncPinRxIsr
           LOCAL                   ADDRESS         
           =====                   =======         
           ?Subroutine2            87C6 
    -------------------------------------------------------------------------
<CODE> 1 (was CODE)
  Relative segment, address: 87CC - 87CF (0x4 bytes), align: 1
  Segment part 63.            Intra module refs:   MRFI_Init
                                                   Mrfi_SyncPinRxIsr
           LOCAL                   ADDRESS         
           =====                   =======         
           ?Subroutine13           87CC 
    -------------------------------------------------------------------------
<CODE> 1 (was CODE)
  Relative segment, address: 87D0 - 87D9 (0xa bytes), align: 1
  Segment part 64.            Intra module refs:   ?Subroutine13
                                                   MRFI_Init
    -------------------------------------------------------------------------
<CODE> 1 (was CODE)
  Relative segment, address: 87DA - 87EB (0x12 bytes), align: 1
  Segment part 65.
           ENTRY                   ADDRESS         REF BY
           =====                   =======         ======
           MRFI_RxOn               87DA            SMPL_Init (nwk_api)
                                                   SMPL_LinkListen (nwk_api)
                                                   nwk_radioControl (nwk_ioctl)
               calls direct
    -------------------------------------------------------------------------
<CODE> 1 (was CODE)
  Relative segment, address: 87EC - 87FB (0x10 bytes), align: 1
  Segment part 66.            Intra module refs:   MRFI_Sleep
           ENTRY                   ADDRESS         REF BY
           =====                   =======         ======
           MRFI_RxIdle             87EC            SMPL_LinkListen (nwk_api)
                                                   nwk_radioControl (nwk_ioctl)
               calls direct
    -------------------------------------------------------------------------
<CODE> 1 (was CODE)
  Relative segment, address: 87FC - 880B (0x10 bytes), align: 1
  Segment part 67.            Intra module refs:   MRFI_RxIdle
                                                   MRFI_RxOn
           LOCAL                   ADDRESS         
           =====                   =======         
           ?Subroutine4            87FC 
    -------------------------------------------------------------------------
<CODE> 1 (was CODE)
  Relative segment, address: 880C - 882D (0x22 bytes), align: 1
  Segment part 68.
           ENTRY                   ADDRESS         REF BY
           =====                   =======         ======
           MRFI_Sleep              880C            SMPL_LinkListen (nwk_api)
                                                   nwk_radioControl (nwk_ioctl)
               calls direct
    -------------------------------------------------------------------------
<CODE> 1 (was CODE)
  Relative segment, address: 882E - 886F (0x42 bytes), align: 1
  Segment part 69.
           ENTRY                   ADDRESS         REF BY
           =====                   =======         ======
           MRFI_WakeUp             882E            SMPL_Init (nwk_api)
                                                   SMPL_LinkListen (nwk_api)
                                                   nwk_radioControl (nwk_ioctl)
               calls direct
    -------------------------------------------------------------------------
<CODE> 1 (was CODE)
  Relative segment, address: 8870 - 8887 (0x18 bytes), align: 1
  Segment part 70.            Intra module refs:   MRFI_WakeUp
                                                   Mrfi_RxModeOff
           LOCAL                   ADDRESS         
           =====                   =======         
           ?Subroutine10           8870 
    -------------------------------------------------------------------------
<CODE> 1 (was CODE)
  Relative segment, address: 8888 - 88A1 (0x1a bytes), align: 1
  Segment part 71.            Intra module refs:   BSP_GpioPort1Isr
           ENTRY                   ADDRESS         REF BY
           =====                   =======         ======
           MRFI_GpioIsr            8888 
               calls direct
    -------------------------------------------------------------------------
<CODE> 1 (was CODE)
  Relative segment, address: 88A2 - 88C9 (0x28 bytes), align: 1
  Segment part 72.            Intra module refs:   MRFI_Rssi
                                                   Mrfi_SyncPinRxIsr
           LOCAL                   ADDRESS         
           =====                   =======         
           Mrfi_CalculateRssi      88A2 
               calls direct
    -------------------------------------------------------------------------
<CODE> 1 (was CODE)
  Relative segment, address: 88CA - 88F7 (0x2e bytes), align: 1
  Segment part 73.
           ENTRY                   ADDRESS         REF BY
           =====                   =======         ======
           MRFI_Rssi               88CA            nwk_radioControl (nwk_ioctl)
               calls direct
    -------------------------------------------------------------------------
<CODE> 1 (was CODE)
  Relative segment, address: 88F8 - 8907 (0x10 bytes), align: 1
  Segment part 74.            Intra module refs:   MRFI_Rssi
                                                   MRFI_Transmit
           LOCAL                   ADDRESS         
           =====                   =======         
           ?Subroutine14           88F8 
    -------------------------------------------------------------------------
<CODE> 1 (was CODE)
  Relative segment, address: 8908 - 891D (0x16 bytes), align: 1
  Segment part 75.            Intra module refs:   MRFI_Transmit
           ENTRY                   ADDRESS         REF BY
           =====                   =======         ======
           MRFI_RandomByte         8908            nwk_frameInit (nwk_frame)
                                                   nwk_joinInit (nwk_join)
                                                   nwk_linkInit (nwk_link)
                                                   nwk_mgmtInit (nwk_mgmt)
                                                   nwk_pingInit (nwk_ping)
               calls direct
    -------------------------------------------------------------------------
<CODE> 1 (was CODE)
  Relative segment, address: 891E - 8935 (0x18 bytes), align: 1
  Segment part 76.
           ENTRY                   ADDRESS         REF BY
           =====                   =======         ======
           MRFI_DelayMs            891E            SMPL_LinkListen (nwk_api)
                                                   nwk_replayFrame (nwk_frame)
               calls direct
    -------------------------------------------------------------------------
CODE
  Segment part 77. NOT NEEDED.
           ENTRY                   ADDRESS         REF BY
           =====                   =======         ======
           MRFI_ReplyDelay         
               calls direct
    -------------------------------------------------------------------------
<CODE> 1 (was CODE)
  Relative segment, address: 8936 - 8941 (0xc bytes), align: 1
  Segment part 78.            Intra module refs:   Mrfi_DelayUsec
           LOCAL                   ADDRESS         
           =====                   =======         
           ?Subroutine6            8936 
    -------------------------------------------------------------------------
<CODE> 1 (was CODE)
  Relative segment, address: 8942 - 894D (0xc bytes), align: 1
  Segment part 79.
           ENTRY                   ADDRESS         REF BY
           =====                   =======         ======
           MRFI_PostKillSem        8942            nwk_isConnectionValid (nwk)
                                                   nwk_processJoin (nwk_join)
                                                   nwk_processLink (nwk_link)
                                                   nwk_processMgmt (nwk_mgmt)
                                                   nwk_processPing (nwk_ping)
    -------------------------------------------------------------------------
<CODE> 1 (was CODE)
  Relative segment, address: 894E - 8953 (0x6 bytes), align: 1
  Segment part 80.
           ENTRY                   ADDRESS         REF BY
           =====                   =======         ======
           MRFI_GetRadioState      894E            SMPL_LinkListen (nwk_api)
    -------------------------------------------------------------------------
CODE
  Segment part 81. NOT NEEDED.
           ENTRY                   ADDRESS         REF BY
           =====                   =======         ======
           MRFI_SetRxAddrFilter    
               calls direct
    -------------------------------------------------------------------------
CODE
  Segment part 82. NOT NEEDED.
           ENTRY                   ADDRESS         REF BY
           =====                   =======         ======
           MRFI_EnableRxAddrFilter
                                   
               calls direct
    -------------------------------------------------------------------------
CODE
  Segment part 83. NOT NEEDED.
           ENTRY                   ADDRESS         REF BY
           =====                   =======         ======
           MRFI_DisableRxAddrFilter
                                   
               calls direct
    -------------------------------------------------------------------------
<CODE> 1 (was CODE)
  Relative segment, address: 8954 - 8991 (0x3e bytes), align: 1
  Segment part 84.            Intra module refs:   Mrfi_SyncPinRxIsr
           ENTRY                   ADDRESS         REF BY
           =====                   =======         ======
           MRFI_RxAddrIsFiltered   8954 
    -------------------------------------------------------------------------
<CODE> 1 (was CODE)
  Relative segment, address: A7F6 - A80B (0x16 bytes), align: 1
  Segment part 85.            Intra module refs:   BSP_GpioPort1Isr::??INTVEC 6
           ENTRY                   ADDRESS         REF BY
           =====                   =======         ======
           BSP_GpioPort1Isr        A7F6 
               interrupt function
               calls direct
    -------------------------------------------------------------------------
INTVEC
  Common segment, address: FFE0 - FFE7 (0x8 bytes), align: 1
  Segment part 17. ROOT 
           ENTRY                   ADDRESS         REF BY
           =====                   =======         ======
           BSP_GpioPort1Isr::??INTVEC 6
                                   FFE6 
    -------------------------------------------------------------------------
CSTACK
  Segment part 18. NOT NEEDED.
    -------------------------------------------------------------------------
DATA16_ID
  Relative segment, address: 823E - 8241 (0x4 bytes), align: 0
  Segment part 32.            Intra module refs:   mrfiRxFilterAddr
    -------------------------------------------------------------------------
CODE
  Segment part 86. TENTATIVE. Used definition from bsp
           ENTRY                   ADDRESS         REF BY
           =====                   =======         ======
           ?setjmp_save_r4         
    -------------------------------------------------------------------------
CODE
  Segment part 87. TENTATIVE. Used definition from bsp
           ENTRY                   ADDRESS         REF BY
           =====                   =======         ======
           ?setjmp_save_r5         

    *************************************************************************

  FILE NAME : C:\Users\mscottnelson\Documents\GitHub\boss\firmware\CC2500 Sensor Demo-Access Point\Obj\nwk.r43
  PROGRAM MODULE, NAME : nwk

  SEGMENTS IN THE MODULE
  ======================
DATA16_I
  Relative segment, address: 0206 - 027D (0x78 bytes), align: 0
  Segment part 2.             Intra module refs:   initializeConnection
                                                   map_lid2idx
                                                   nwk_allocateLocalRxPort
                                                   nwk_findAlreadyJoined
                                                   nwk_findPeer
                                                   nwk_getConnInfo
                                                   nwk_getNextConnection
                                                   nwk_getSFInfoPtr
                                                   nwk_isConnectionValid
                                                   nwk_isLinkDuplicate
                                                   nwk_nwkInit
                                                   nwk_saveJoinedDevice
           LOCAL                   ADDRESS         
           =====                   =======         
           sPersistInfo            0206 
    -------------------------------------------------------------------------
<CODE> 1 (was CODE)
  Relative segment, address: 9CB0 - 9D35 (0x86 bytes), align: 1
  Segment part 4.
           ENTRY                   ADDRESS         REF BY
           =====                   =======         ======
           nwk_nwkInit             9CB0            SMPL_Init (nwk_api)
               calls direct
    -------------------------------------------------------------------------
<CODE> 1 (was CODE)
  Relative segment, address: A0C0 - A10B (0x4c bytes), align: 1
  Segment part 6.
           ENTRY                   ADDRESS         REF BY
           =====                   =======         ======
           nwk_getNextConnection   A0C0            smpl_send_link_reply (nwk_link)
               calls direct
    -------------------------------------------------------------------------
<CODE> 1 (was CODE)
  Relative segment, address: A578 - A5A5 (0x2e bytes), align: 1
  Segment part 5.             Intra module refs:   nwk_findAlreadyJoined
                                                   nwk_getNextConnection
           LOCAL                   ADDRESS         
           =====                   =======         
           initializeConnection    A578 
               calls direct
    -------------------------------------------------------------------------
<CODE> 1 (was CODE)
  Relative segment, address: A9A4 - A9A9 (0x6 bytes), align: 1
  Segment part 7.
           ENTRY                   ADDRESS         REF BY
           =====                   =======         ======
           nwk_freeConnection      A9A4            nwk_connectionControl (nwk_ioctl)
                                                   smpl_send_link_reply (nwk_link)
                                                   smpl_send_unlink_reply (nwk_link)
    -------------------------------------------------------------------------
<CODE> 1 (was CODE)
  Relative segment, address: A5A6 - A5D1 (0x2c bytes), align: 1
  Segment part 8.
           ENTRY                   ADDRESS         REF BY
           =====                   =======         ======
           nwk_getConnInfo         A5A6            SMPL_Receive (nwk_api)
                                                   nwk_QfindOldest (nwk_QMgmt)
                                                   nwk_connectionControl (nwk_ioctl)
                                                   nwk_radioControl (nwk_ioctl)
                                                   nwk_retrieveFrame (nwk_frame)
               calls direct
    -------------------------------------------------------------------------
<CODE> 1 (was CODE)
  Relative segment, address: A2DA - A313 (0x3a bytes), align: 1
  Segment part 9.
           ENTRY                   ADDRESS         REF BY
           =====                   =======         ======
           nwk_isLinkDuplicate     A2DA            smpl_send_link_reply (nwk_link)
               calls direct
    -------------------------------------------------------------------------
<CODE> 1 (was CODE)
  Relative segment, address: 99E2 - 99ED (0xc bytes), align: 1
  Segment part 14.            Intra module refs:   nwk_findAlreadyJoined
           LOCAL                   ADDRESS         
           =====                   =======         
           ?Subroutine1            99E2 
    -------------------------------------------------------------------------
<CODE> 1 (was CODE)
  Relative segment, address: 99EE - 9A13 (0x26 bytes), align: 1
  Segment part 15.
           ENTRY                   ADDRESS         REF BY
           =====                   =======         ======
           nwk_checkConnInfo       99EE            SMPL_Receive (nwk_api)
    -------------------------------------------------------------------------
<CODE> 1 (was CODE)
  Relative segment, address: 9A14 - 9A65 (0x52 bytes), align: 1
  Segment part 16.
           ENTRY                   ADDRESS         REF BY
           =====                   =======         ======
           nwk_isConnectionValid   9A14            dispatchFrame (nwk_frame)
               calls direct
    -------------------------------------------------------------------------
<CODE> 1 (was CODE)
  Relative segment, address: 9A66 - 9A6D (0x8 bytes), align: 1
  Segment part 17.            Intra module refs:   nwk_isConnectionValid
                                                   nwk_saveJoinedDevice
           LOCAL                   ADDRESS         
           =====                   =======         
           ?Subroutine2            9A66 
    -------------------------------------------------------------------------
<CODE> 1 (was CODE)
  Relative segment, address: 9A6E - 9A6F (0x2 bytes), align: 1
  Segment part 18.            Intra module refs:   ?Subroutine2
                                                   nwk_isLinkDuplicate
           LOCAL                   ADDRESS         
           =====                   =======         
           ?Subroutine3            9A6E 
    -------------------------------------------------------------------------
<CODE> 1 (was CODE)
  Relative segment, address: 9A70 - 9A79 (0xa bytes), align: 1
  Segment part 19.            Intra module refs:   ?Subroutine1
                                                   ?Subroutine3
                                                   nwk_allocateLocalRxPort
    -------------------------------------------------------------------------
CODE
  Segment part 10. NOT NEEDED.
           ENTRY                   ADDRESS         REF BY
           =====                   =======         ======
           nwk_findAddressMatch    
               calls direct
[...]
  LIBRARY MODULE, NAME : ?ShiftLeft32_n

  SEGMENTS IN THE MODULE
  ======================
CODE
  Segment part 0. NOT NEEDED.
           ENTRY                   ADDRESS         REF BY
           =====                   =======         ======
           ?ShiftLeft32_7          
    -------------------------------------------------------------------------
CODE
  Segment part 1. NOT NEEDED.
           ENTRY                   ADDRESS         REF BY
           =====                   =======         ======
           ?ShiftLeft32_6          
    -------------------------------------------------------------------------
CODE
  Segment part 2. NOT NEEDED.
           ENTRY                   ADDRESS         REF BY
           =====                   =======         ======
           ?ShiftLeft32_5          
    -------------------------------------------------------------------------
CODE
  Segment part 3. NOT NEEDED.
           ENTRY                   ADDRESS         REF BY
           =====                   =======         ======
           ?ShiftLeft32_4          
    -------------------------------------------------------------------------
CODE
  Segment part 4. NOT NEEDED.
           ENTRY                   ADDRESS         REF BY
           =====                   =======         ======
           ?ShiftLeft32_3          

    -------------------------------------------------------------------------
  LIBRARY MODULE, NAME : ?ShiftRight16u_n

  SEGMENTS IN THE MODULE
  ======================
CODE
  Segment part 0. NOT NEEDED.
           ENTRY                   ADDRESS         REF BY
           =====                   =======         ======
           ?ShiftRight16u_7        
    -------------------------------------------------------------------------
CODE
  Segment part 1. NOT NEEDED.
           ENTRY                   ADDRESS         REF BY
           =====                   =======         ======
           ?ShiftRight16u_6        
    -------------------------------------------------------------------------
CODE
  Segment part 2. NOT NEEDED.
           ENTRY                   ADDRESS         REF BY
           =====                   =======         ======
           ?ShiftRight16u_5        
    -------------------------------------------------------------------------
<CODE> 1 (was CODE)
  Relative segment, address: A91C - A91F (0x4 bytes), align: 1
  Segment part 3.
           ENTRY                   ADDRESS         REF BY
           =====                   =======         ======
           ?ShiftRight16u_4        A91C            Mrfi_DelayUsec (mrfi)
    -------------------------------------------------------------------------
<CODE> 1 (was CODE)
  Relative segment, address: A920 - A929 (0xa bytes), align: 1
  Segment part 4.             Intra module refs:   ?ShiftRight16u_4
           ENTRY                   ADDRESS         REF BY
           =====                   =======         ======
           ?ShiftRight16u_3        A920 

    -------------------------------------------------------------------------
  LIBRARY MODULE, NAME : ?memcmp

  SEGMENTS IN THE MODULE
  ======================
<CODE> 1 (was CODE)
  Relative segment, address: A6D6 - A6F3 (0x1e bytes), align: 1
  Segment part 2.
           ENTRY                   ADDRESS         REF BY
           =====                   =======         ======
           memcmp                  A6D6            Segment part 19 (nwk)
                                                   dispatchFrame (nwk_frame)
                                                   isDupSandFFrame (nwk_frame)
                                                   nwk_QfindOldest (nwk_QMgmt)
                                                   nwk_findPeer (nwk)
                                                   nwk_getSandFFrame (nwk_frame)
                                                   nwk_isSandFClient (nwk_join)
                                                   nwk_isValidReply (nwk)
                                                   nwk_processMgmt (nwk_mgmt)
    -------------------------------------------------------------------------
CSTACK
  Segment part 1. NOT NEEDED.

    -------------------------------------------------------------------------
  LIBRARY MODULE, NAME : ?memcpy

  SEGMENTS IN THE MODULE
  ======================
<CODE> 1 (was CODE)
  Relative segment, address: A79A - A7B1 (0x18 bytes), align: 1
  Segment part 2.
           ENTRY                   ADDRESS         REF BY
           =====                   =======         ======
           memcpy                  A79A            ?Subroutine0 (nwk_globals)
                                                   ?Subroutine7 (nwk_link)
                                                   SMPL_Ioctl (nwk_api)
                                                   __data16_memcpy (?memzero)
                                                   nwk_SendEmptyPollRspFrame (nwk_frame)
                                                   nwk_buildFrame (nwk_frame)
                                                   nwk_deviceAddress (nwk_ioctl)
                                                   nwk_nwkInit (nwk)
                                                   nwk_radioControl (nwk_ioctl)
                                                   nwk_rawSend (nwk_ioctl)
                                                   nwk_retrieveFrame (nwk_frame)
                                                   nwk_saveJoinedDevice (nwk)
                                                   smpl_send_join_reply (nwk_join)
                                                   smpl_send_link_reply (nwk_link)
                                                   smpl_send_ping_reply (nwk_ping)
    -------------------------------------------------------------------------
CSTACK
  Segment part 1. NOT NEEDED.

    -------------------------------------------------------------------------
  LIBRARY MODULE, NAME : ?memmove

  SEGMENTS IN THE MODULE
  ======================
<CODE> 1 (was CODE)
  Relative segment, address: A2A0 - A2D9 (0x3a bytes), align: 1
  Segment part 2.
           ENTRY                   ADDRESS         REF BY
           =====                   =======         ======
           memmove                 A2A0            nwk_getNumObjectFromMsg (nwk)
                                                   nwk_putNumObjectIntoMsg (nwk)
    -------------------------------------------------------------------------
CSTACK
  Segment part 1. NOT NEEDED.

    -------------------------------------------------------------------------
  LIBRARY MODULE, NAME : ?CopyMemoryBytes

  SEGMENTS IN THE MODULE
  ======================
<CODE> 1 (was CODE)
  Relative segment, address: A8C2 - A8D1 (0x10 bytes), align: 1
  Segment part 0.
           ENTRY                   ADDRESS         REF BY
           =====                   =======         ======
           ?CopyMemoryBytes        A8C2            MRFI_Receive (mrfi)
                                                   main (main_AP)
                                                   transmitDataString (virtual_com_cmds)

    -------------------------------------------------------------------------
  LIBRARY MODULE, NAME : ?memset

  SEGMENTS IN THE MODULE
  ======================
<CODE> 1 (was CODE)
  Relative segment, address: A782 - A799 (0x18 bytes), align: 1
  Segment part 2.
           ENTRY                   ADDRESS         REF BY
           =====                   =======         ======
           memset                  A782            MRFI_Init (mrfi)
                                                   Segment part 64 (mrfi)
                                                   nwk_QInit (nwk_QMgmt)
                                                   nwk_allocateLocalRxPort (nwk)
                                                   nwk_globalsInit (nwk_globals)
                                                   nwk_linkInit (nwk_link)
                                                   nwk_mgmtInit (nwk_mgmt)
                                                   nwk_nwkInit (nwk)
    -------------------------------------------------------------------------
CSTACK
  Segment part 1. NOT NEEDED.

    -------------------------------------------------------------------------
  LIBRARY MODULE, NAME : ?memzero

  SEGMENTS IN THE MODULE
  ======================
<CODE> 1 (was CODE)
  Relative segment, address: A8D2 - A8E1 (0x10 bytes), align: 1
  Segment part 2.
           ENTRY                   ADDRESS         REF BY
           =====                   =======         ======
           __data16_memzero        A8D2            ?cstart_init_zero (?cstart)
    -------------------------------------------------------------------------
<CODE> 1 (was CODE)
  Relative segment, address: A9CC - A9CF (0x4 bytes), align: 1
  Segment part 3.
           ENTRY                   ADDRESS         REF BY
           =====                   =======         ======
           __data16_memcpy         A9CC            ?cstart_init_copy (?cstart)
               calls direct
    -------------------------------------------------------------------------
CODE
  Segment part 4. NOT NEEDED.
           ENTRY                   ADDRESS         REF BY
           =====                   =======         ======
           __data16_memmove        
               calls direct
    -------------------------------------------------------------------------
CSTACK
  Segment part 1. NOT NEEDED.

    -------------------------------------------------------------------------
  LIBRARY MODULE, NAME : ?MpuInit

  SEGMENTS IN THE MODULE
  ======================
MPU_B1
  Segment part 0. NOT NEEDED.
    -------------------------------------------------------------------------
MPU_B2
  Segment part 1. NOT NEEDED.
    -------------------------------------------------------------------------
CODE
  Segment part 2. NOT NEEDED.
           ENTRY                   ADDRESS         REF BY
           =====                   =======         ======
           __iar_430_mpu_init      
    -------------------------------------------------------------------------
CODE
  Segment part 3. NOT NEEDED.
           ENTRY                   ADDRESS         REF BY
           =====                   =======         ======
           ?mpu1_4k_init           
    -------------------------------------------------------------------------
CODE
  Segment part 4. NOT NEEDED.
           ENTRY                   ADDRESS         REF BY
           =====                   =======         ======
           ?mpu1_8k_init           
    -------------------------------------------------------------------------
CODE
  Segment part 5. NOT NEEDED.
           ENTRY                   ADDRESS         REF BY
           =====                   =======         ======
           ?mpu1_16k_init          
    -------------------------------------------------------------------------
CODE
  Segment part 6. NOT NEEDED.
           ENTRY                   ADDRESS         REF BY
           =====                   =======         ======
           ?mpu2_init              
    -------------------------------------------------------------------------
MPU_B1
  Segment part 7. NOT NEEDED.
    -------------------------------------------------------------------------
MPU_B2
  Segment part 8. NOT NEEDED.
    -------------------------------------------------------------------------
MPU_B1
  Segment part 9. NOT NEEDED.
    -------------------------------------------------------------------------
MPU_B2
  Segment part 10. NOT NEEDED.
    -------------------------------------------------------------------------
MPU_B1
  Segment part 11. NOT NEEDED.
    -------------------------------------------------------------------------
MPU_B2
  Segment part 12. NOT NEEDED.
    -------------------------------------------------------------------------
MPU_B1
  Segment part 13. NOT NEEDED.
    -------------------------------------------------------------------------
MPU_B2
  Segment part 14. NOT NEEDED.
    -------------------------------------------------------------------------
CODE_PAD
  Segment part 15. NOT NEEDED.

    -------------------------------------------------------------------------
  LIBRARY MODULE, NAME : ?setjmp

  SEGMENTS IN THE MODULE
  ======================
CODE
  Segment part 0. NOT NEEDED.
           ENTRY                   ADDRESS         REF BY
           =====                   =======         ======
           setjmp                  
    -------------------------------------------------------------------------
CODE
  Segment part 1. NOT NEEDED.
           ENTRY                   ADDRESS         REF BY
           =====                   =======         ======
           ?setjmp_r5              
    -------------------------------------------------------------------------
CODE
  Segment part 2. NOT NEEDED.
           ENTRY                   ADDRESS         REF BY
           =====                   =======         ======
           ?setjmp_r4              
    -------------------------------------------------------------------------
CODE
  Segment part 3. NOT NEEDED.
           ENTRY                   ADDRESS         REF BY
           =====                   =======         ======
           ?setjmp_end             

    -------------------------------------------------------------------------
  LIBRARY MODULE, NAME : ?longjmp

  SEGMENTS IN THE MODULE
  ======================
CODE
  Segment part 0. NOT NEEDED.
           ENTRY                   ADDRESS         REF BY
           =====                   =======         ======
           longjmp                 
    -------------------------------------------------------------------------
CODE
  Segment part 1. NOT NEEDED.
           ENTRY                   ADDRESS         REF BY
           =====                   =======         ======
           ?longjmp_r5             
    -------------------------------------------------------------------------
CODE
  Segment part 2. NOT NEEDED.
           ENTRY                   ADDRESS         REF BY
           =====                   =======         ======
           ?longjmp_r4             
    -------------------------------------------------------------------------
CODE
  Segment part 3. NOT NEEDED.
           ENTRY                   ADDRESS         REF BY
           =====                   =======         ======
           ?longjmp_end            

    -------------------------------------------------------------------------
  LIBRARY MODULE, NAME : ?SwitchKey8

  SEGMENTS IN THE MODULE
  ======================
CODE
  Segment part 0. NOT NEEDED.
           ENTRY                   ADDRESS         REF BY
           =====                   =======         ======
           ?SwitchKey8             




                ****************************************
                *                                      *
                *            MODULE SUMMARY            *
                *                                      *
                ****************************************

Module                CODE      DATA      CONST
------                ----      ----      -----
                     (Rel)  (Rel)  (Abs)  (Rel)
?Cast32f32i            146
?CopyMemoryBytes        16
?DivMod32s              64
?DivMod32u              56
?DivMod816s             48
?DivMod816u             28
?Epilogue               18
?FLT_Extract            76
?Mul32                  48
?Mul816                 50
?ShiftRight16u_n        14
?__exit                  2
?_exit                   4
?clibexit                4
?cstart                 48
?memcmp                 30
?memcpy                 24
?memmove                58
?memset                 24
?memzero                20
?reset_vector            2
_Cast32fto32s           50
_Mul32f                272
bsp                    126      1      8
  + shared                             3
main_AP                834     15     12    402
  + common              20
mrfi                 1 724     37     14     75
  + shared               8             2
  + common
nwk                  1 156    120           120
nwk_QMgmt              528    208
nwk_api                482      1
nwk_frame            1 136      7            12
nwk_freq                 6
nwk_globals            100      9             9
nwk_ioctl              384
nwk_join               532     10
nwk_link               700     15
nwk_mgmt               234      4
nwk_ping               134      1
nwk_security             6
virtual_com_cmds       828      2      7     81
  + common              16
N/A (command line)            200
N/A (alignment)
----------          ------    ---     --    ---
Total:              10 012    630     46    699
  + common              20


                ****************************************
                *                                      *
                *      SEGMENTS IN ADDRESS ORDER       *
                *                                      *
                ****************************************


SEGMENT              SPACE    START ADDRESS   END ADDRESS     SIZE  TYPE  ALIGN
=======              =====    =============   ===========     ====  ====  =====
DATA16_AN                              0001 - 0001               1   rel    0
                                       0003 - 0003               1 
                                       0018 - 001B               4 
                                       0020 - 0022               3 
                                       0027 - 0028               2 
                                       002B - 002E               4 
                                       0053 - 0053               1 
                                       0056 - 0057               2 
                                       0061 - 0064               4 
                                       0066 - 006B               6 
                                       006E - 006F               2 
                                       0120 - 0121               2 
                                       0160 - 0163               4 
                                       0172 - 0173               2 
                                       01B0 - 01B5               6 
DATA16_I                               0200 - 027E              7F   rel    1
DATA16_Z                               0280 - 03AE             12F   rel    1
CSTACK                                 0538 - 05FF              C8   rel    1
DATA16_AN                              10FC - 10FD               2   rel    0
DATA16_C                               8000 - 823B             23C   rel    1
DATA16_ID                              823C - 82BA              7F   rel    1
CSTART                                 82BC - 82EB              30   rel    1
<CODE> 1                               82EC - A9D5            26EA   rel    1
INTVEC                                 FFE0 - FFF3              14   com    1
RESET                                  FFFE - FFFF               2   rel    1

                ****************************************
                *                                      *
                *        END OF CROSS REFERENCE        *
                *                                      *
                ****************************************

 10 032 bytes of CODE  memory
    630 bytes of DATA  memory (+ 46 absolute )
    699 bytes of CONST memory

Errors: none
Warnings: none

